===== ANALYST longcat 2026-09-03 16:49:23 UTC =====
[91m[1mError: [0m{
  "name": "UnknownError",
  "data": {
    "message": "Unexpected server error. Check server logs for details.",
    "ref": "err_2416bce1"
  }
}
===== ANALYST longcat 2026-09-03 19:45:37 UTC =====
[91m[1mError: [0m{
  "name": "UnknownError",
  "data": {
    "message": "Unexpected server error. Check server logs for details.",
    "ref": "err_b5b0d9a1"
  }
}
===== ANALYST longcat 2026-09-03 21:58:47 UTC =====
[91m[1mError: [0m{
  "name": "UnknownError",
  "data": {
    "message": "Unexpected server error. Check server logs for details.",
    "ref": "err_29228ea8"
  }
}
===== ANALYST longcat 2026-09-03 23:45:55 UTC =====
[91m[1mError: [0m{
  "name": "UnknownError",
  "data": {
    "message": "Unexpected server error. Check server logs for details.",
    "ref": "err_3a3e5178"
  }
}
===== ANALYST longcat 2026-09-04 02:34:48 UTC =====
[91m[1mError: [0m{
  "name": "UnknownError",
  "data": {
    "message": "Unexpected server error. Check server logs for details.",
    "ref": "err_dec0c008"
  }
}
===== ANALYST longcat 2026-09-04 07:26:02 UTC =====
[91m[1mError: [0m{
  "name": "UnknownError",
  "data": {
    "message": "Unexpected server error. Check server logs for details.",
    "ref": "err_4fe80adc"
  }
}
===== ANALYST longcat 2026-09-04 12:29:49 UTC =====
[91m[1mError: [0m{
  "name": "UnknownError",
  "data": {
    "message": "Unexpected server error. Check server logs for details.",
    "ref": "err_87be7284"
  }
}
===== ANALYST longcat 2026-09-04 16:34:56 UTC =====
[91m[1mError: [0m{
  "name": "UnknownError",
  "data": {
    "message": "Unexpected server error. Check server logs for details.",
    "ref": "err_5c64e7e5"
  }
}
===== ANALYST longcat 2026-09-04 19:13:07 UTC =====
[91m[1mError: [0m{
  "name": "UnknownError",
  "data": {
    "message": "Unexpected server error. Check server logs for details.",
    "ref": "err_6218a85c"
  }
}
===== ANALYST longcat 2026-09-04 21:34:53 UTC =====
[91m[1mError: [0m{
  "name": "UnknownError",
  "data": {
    "message": "Unexpected server error. Check server logs for details.",
    "ref": "err_dfd5a7aa"
  }
}
===== ANALYST longcat 2026-09-04 23:18:21 UTC =====
[91m[1mError: [0m{
  "name": "UnknownError",
  "data": {
    "message": "Unexpected server error. Check server logs for details.",
    "ref": "err_28ffe360"
  }
}
===== ANALYST longcat 2026-09-05 01:07:06 UTC =====
[91m[1mError: [0m{
  "name": "UnknownError",
  "data": {
    "message": "Unexpected server error. Check server logs for details.",
    "ref": "err_806b0505"
  }
}
===== ANALYST longcat 2026-09-05 05:55:47 UTC =====
[91m[1mError: [0m{
  "name": "UnknownError",
  "data": {
    "message": "Unexpected server error. Check server logs for details.",
    "ref": "err_40b3e2a4"
  }
}
===== ANALYST longcat 2026-09-05 09:51:21 UTC =====
[91m[1mError: [0m{
  "name": "UnknownError",
  "data": {
    "message": "Unexpected server error. Check server logs for details.",
    "ref": "err_2928ae8e"
  }
}
===== ANALYST longcat 2026-09-05 13:13:48 UTC =====
[91m[1mError: [0m{
  "name": "UnknownError",
  "data": {
    "message": "Unexpected server error. Check server logs for details.",
    "ref": "err_8e20e417"
  }
}
===== ANALYST longcat 2026-09-05 16:10:13 UTC =====
[91m[1mError: [0m{
  "name": "UnknownError",
  "data": {
    "message": "Unexpected server error. Check server logs for details.",
    "ref": "err_a362e42e"
  }
}
===== ANALYST longcat 2026-09-05 18:33:14 UTC =====
[91m[1mError: [0m{
  "name": "UnknownError",
  "data": {
    "message": "Unexpected server error. Check server logs for details.",
    "ref": "err_e74fc651"
  }
}
===== ANALYST longcat 2026-09-05 20:47:39 UTC =====
[91m[1mError: [0m{
  "name": "UnknownError",
  "data": {
    "message": "Unexpected server error. Check server logs for details.",
    "ref": "err_48801b2d"
  }
}
===== ANALYST longcat 2026-09-05 22:40:34 UTC =====
[91m[1mError: [0m{
  "name": "UnknownError",
  "data": {
    "message": "Unexpected server error. Check server logs for details.",
    "ref": "err_f3ce5217"
  }
}
===== ANALYST longcat 2026-09-06 00:15:09 UTC =====
[91m[1mError: [0m{
  "name": "UnknownError",
  "data": {
    "message": "Unexpected server error. Check server logs for details.",
    "ref": "err_844b71e4"
  }
}
===== ANALYST longcat 2026-09-06 04:48:17 UTC =====
[91m[1mError: [0m{
  "name": "UnknownError",
  "data": {
    "message": "Unexpected server error. Check server logs for details.",
    "ref": "err_7ef34a8f"
  }
}
===== ANALYST longcat 2026-09-06 09:16:14 UTC =====
[91m[1mError: [0m{
  "name": "UnknownError",
  "data": {
    "message": "Unexpected server error. Check server logs for details.",
    "ref": "err_a6d60fd0"
  }
}
===== ANALYST longcat 2026-09-06 12:57:35 UTC =====
[91m[1mError: [0m{
  "name": "UnknownError",
  "data": {
    "message": "Unexpected server error. Check server logs for details.",
    "ref": "err_b7ee26c7"
  }
}
===== ANALYST longcat 2026-09-06 16:06:00 UTC =====
[91m[1mError: [0m{
  "name": "UnknownError",
  "data": {
    "message": "Unexpected server error. Check server logs for details.",
    "ref": "err_b63c03d5"
  }
}
===== ANALYST longcat 2026-09-06 18:05:28 UTC =====
[91m[1mError: [0m{
  "name": "UnknownError",
  "data": {
    "message": "Unexpected server error. Check server logs for details.",
    "ref": "err_7143b6c5"
  }
}
===== ANALYST longcat 2026-09-06 20:12:49 UTC =====
[91m[1mError: [0m{
  "name": "UnknownError",
  "data": {
    "message": "Unexpected server error. Check server logs for details.",
    "ref": "err_cb62b5b9"
  }
}
===== ANALYST longcat 2026-09-06 22:10:24 UTC =====
[91m[1mError: [0m{
  "name": "UnknownError",
  "data": {
    "message": "Unexpected server error. Check server logs for details.",
    "ref": "err_2e079b4c"
  }
}
===== ANALYST longcat 2026-09-06 23:59:05 UTC =====
[91m[1mError: [0m{
  "name": "UnknownError",
  "data": {
    "message": "Unexpected server error. Check server logs for details.",
    "ref": "err_cee8226c"
  }
}
===== ANALYST longcat 2026-09-07 03:19:31 UTC =====
[91m[1mError: [0m{
  "name": "UnknownError",
  "data": {
    "message": "Unexpected server error. Check server logs for details.",
    "ref": "err_dab6e104"
  }
}
===== ANALYST longcat 2026-09-07 08:30:20 UTC =====
[91m[1mError: [0m{
  "name": "UnknownError",
  "data": {
    "message": "Unexpected server error. Check server logs for details.",
    "ref": "err_bed091f8"
  }
}
===== ANALYST longcat 2026-09-07 14:28:32 UTC =====
[91m[1mError: [0m{
  "name": "UnknownError",
  "data": {
    "message": "Unexpected server error. Check server logs for details.",
    "ref": "err_cebcb77d"
  }
}
===== ANALYST longcat 2026-09-07 18:54:03 UTC =====
[91m[1mError: [0m{
  "name": "UnknownError",
  "data": {
    "message": "Unexpected server error. Check server logs for details.",
    "ref": "err_2784d140"
  }
}
===== ANALYST longcat 2026-09-07 21:53:36 UTC =====
[91m[1mError: [0m{
  "name": "UnknownError",
  "data": {
    "message": "Unexpected server error. Check server logs for details.",
    "ref": "err_fca63ed0"
  }
}
===== ANALYST longcat 2026-09-07 23:54:26 UTC =====
[91m[1mError: [0m{
  "name": "UnknownError",
  "data": {
    "message": "Unexpected server error. Check server logs for details.",
    "ref": "err_6156ad8e"
  }
}
===== ANALYST longcat 2026-09-08 02:34:12 UTC =====
[91m[1mError: [0m{
  "name": "UnknownError",
  "data": {
    "message": "Unexpected server error. Check server logs for details.",
    "ref": "err_8307f64d"
  }
}
===== ANALYST longcat 2026-09-08 07:34:36 UTC =====
[91m[1mError: [0m{
  "name": "UnknownError",
  "data": {
    "message": "Unexpected server error. Check server logs for details.",
    "ref": "err_448e7550"
  }
}
===== ANALYST longcat 2026-09-08 12:18:42 UTC =====
[91m[1mError: [0m{
  "name": "UnknownError",
  "data": {
    "message": "Unexpected server error. Check server logs for details.",
    "ref": "err_3613c5f6"
  }
}
===== ANALYST longcat 2026-09-08 16:46:18 UTC =====
[91m[1mError: [0m{
  "name": "UnknownError",
  "data": {
    "message": "Unexpected server error. Check server logs for details.",
    "ref": "err_08e662ec"
  }
}
===== ANALYST longcat 2026-09-08 19:43:23 UTC =====
[91m[1mError: [0m{
  "name": "UnknownError",
  "data": {
    "message": "Unexpected server error. Check server logs for details.",
    "ref": "err_630dcad3"
  }
}
===== ANALYST longcat 2026-09-08 22:18:05 UTC =====
[91m[1mError: [0m{
  "name": "UnknownError",
  "data": {
    "message": "Unexpected server error. Check server logs for details.",
    "ref": "err_5edc7947"
  }
}
===== ANALYST longcat 2026-09-09 00:21:33 UTC =====
[91m[1mError: [0m{
  "name": "UnknownError",
  "data": {
    "message": "Unexpected server error. Check server logs for details.",
    "ref": "err_e6ef92af"
  }
}
===== ANALYST longcat 2026-09-09 04:56:38 UTC =====
[91m[1mError: [0m{
  "name": "UnknownError",
  "data": {
    "message": "Unexpected server error. Check server logs for details.",
    "ref": "err_208bae72"
  }
}
===== ANALYST longcat 2026-09-09 09:22:44 UTC =====
[91m[1mError: [0m{
  "name": "UnknownError",
  "data": {
    "message": "Unexpected server error. Check server logs for details.",
    "ref": "err_7487934b"
  }
}
===== ANALYST longcat 2026-09-09 13:55:04 UTC =====
[91m[1mError: [0m{
  "name": "UnknownError",
  "data": {
    "message": "Unexpected server error. Check server logs for details.",
    "ref": "err_b4837da0"
  }
}
===== ANALYST longcat 2026-09-09 17:31:12 UTC =====
[91m[1mError: [0m{
  "name": "UnknownError",
  "data": {
    "message": "Unexpected server error. Check server logs for details.",
    "ref": "err_68bbb959"
  }
}
===== ANALYST longcat 2026-09-09 20:01:27 UTC =====
[91m[1mError: [0m{
  "name": "UnknownError",
  "data": {
    "message": "Unexpected server error. Check server logs for details.",
    "ref": "err_0e0c5e3b"
  }
}
===== ANALYST longcat 2026-09-09 22:25:39 UTC =====
[91m[1mError: [0m{
  "name": "UnknownError",
  "data": {
    "message": "Unexpected server error. Check server logs for details.",
    "ref": "err_fcfbbe75"
  }
}
===== ANALYST longcat 2026-09-10 00:37:11 UTC =====
[91m[1mError: [0m{
  "name": "UnknownError",
  "data": {
    "message": "Unexpected server error. Check server logs for details.",
    "ref": "err_52fca343"
  }
}
===== ANALYST longcat 2026-09-10 05:16:47 UTC =====
[91m[1mError: [0m{
  "name": "UnknownError",
  "data": {
    "message": "Unexpected server error. Check server logs for details.",
    "ref": "err_daf3f362"
  }
}
===== ANALYST longcat 2026-09-10 09:52:18 UTC =====
[91m[1mError: [0m{
  "name": "UnknownError",
  "data": {
    "message": "Unexpected server error. Check server logs for details.",
    "ref": "err_3014b7dd"
  }
}
===== ANALYST longcat 2026-09-10 14:01:48 UTC =====
[91m[1mError: [0m{
  "name": "UnknownError",
  "data": {
    "message": "Unexpected server error. Check server logs for details.",
    "ref": "err_e9c6cd34"
  }
}
===== ANALYST longcat 2026-09-10 17:49:21 UTC =====
[91m[1mError: [0m{
  "name": "UnknownError",
  "data": {
    "message": "Unexpected server error. Check server logs for details.",
    "ref": "err_8e6f8700"
  }
}
===== ANALYST longcat 2026-09-10 20:02:33 UTC =====
[91m[1mError: [0m{
  "name": "UnknownError",
  "data": {
    "message": "Unexpected server error. Check server logs for details.",
    "ref": "err_53d71499"
  }
}
===== ANALYST longcat 2026-09-10 22:39:09 UTC =====
[91m[1mError: [0m{
  "name": "UnknownError",
  "data": {
    "message": "Unexpected server error. Check server logs for details.",
    "ref": "err_fb0b1efe"
  }
}
===== ANALYST longcat 2026-09-11 00:32:44 UTC =====
[91m[1mError: [0m{
  "name": "UnknownError",
  "data": {
    "message": "Unexpected server error. Check server logs for details.",
    "ref": "err_54318709"
  }
}
===== ANALYST longcat 2026-09-11 05:11:59 UTC =====
[91m[1mError: [0m{
  "name": "UnknownError",
  "data": {
    "message": "Unexpected server error. Check server logs for details.",
    "ref": "err_a9d36efc"
  }
}
===== ANALYST longcat 2026-09-11 09:48:54 UTC =====
[91m[1mError: [0m{
  "name": "UnknownError",
  "data": {
    "message": "Unexpected server error. Check server logs for details.",
    "ref": "err_e18a106c"
  }
}
===== ANALYST longcat 2026-09-11 14:01:54 UTC =====
[91m[1mError: [0m{
  "name": "UnknownError",
  "data": {
    "message": "Unexpected server error. Check server logs for details.",
    "ref": "err_637b317d"
  }
}
===== ANALYST longcat 2026-09-11 17:43:31 UTC =====
[91m[1mError: [0m{
  "name": "UnknownError",
  "data": {
    "message": "Unexpected server error. Check server logs for details.",
    "ref": "err_d1cea526"
  }
}
===== ANALYST longcat 2026-09-11 20:08:59 UTC =====
[91m[1mError: [0m{
  "name": "UnknownError",
  "data": {
    "message": "Unexpected server error. Check server logs for details.",
    "ref": "err_8b4c6a3b"
  }
}
===== ANALYST longcat 2026-09-11 22:39:03 UTC =====
[91m[1mError: [0m{
  "name": "UnknownError",
  "data": {
    "message": "Unexpected server error. Check server logs for details.",
    "ref": "err_6060653e"
  }
}
===== ANALYST longcat 2026-09-12 00:38:46 UTC =====
[91m[1mError: [0m{
  "name": "UnknownError",
  "data": {
    "message": "Unexpected server error. Check server logs for details.",
    "ref": "err_1dd4335c"
  }
}
===== ANALYST longcat 2026-09-12 04:59:58 UTC =====
[91m[1mError: [0m{
  "name": "UnknownError",
  "data": {
    "message": "Unexpected server error. Check server logs for details.",
    "ref": "err_dfa9bc3a"
  }
}
===== ANALYST longcat 2026-09-12 09:08:19 UTC =====
[91m[1mError: [0m{
  "name": "UnknownError",
  "data": {
    "message": "Unexpected server error. Check server logs for details.",
    "ref": "err_83395d8a"
  }
}
===== ANALYST longcat 2026-09-12 12:54:57 UTC =====
[91m[1mError: [0m{
  "name": "UnknownError",
  "data": {
    "message": "Unexpected server error. Check server logs for details.",
    "ref": "err_271fd3a4"
  }
}
===== ANALYST longcat 2026-09-12 16:04:25 UTC =====
[91m[1mError: [0m{
  "name": "UnknownError",
  "data": {
    "message": "Unexpected server error. Check server logs for details.",
    "ref": "err_5c9f31ed"
  }
}
===== ANALYST longcat 2026-09-12 18:08:43 UTC =====
[91m[1mError: [0m{
  "name": "UnknownError",
  "data": {
    "message": "Unexpected server error. Check server logs for details.",
    "ref": "err_2c878d0d"
  }
}
===== ANALYST longcat 2026-09-12 20:41:49 UTC =====
[91m[1mError: [0m{
  "name": "UnknownError",
  "data": {
    "message": "Unexpected server error. Check server logs for details.",
    "ref": "err_4c72e4cd"
  }
}
===== ANALYST longcat 2026-09-12 22:33:21 UTC =====
[91m[1mError: [0m{
  "name": "UnknownError",
  "data": {
    "message": "Unexpected server error. Check server logs for details.",
    "ref": "err_541fa5d6"
  }
}
===== ANALYST longcat 2026-09-13 00:17:51 UTC =====
[91m[1mError: [0m{
  "name": "UnknownError",
  "data": {
    "message": "Unexpected server error. Check server logs for details.",
    "ref": "err_7f091c96"
  }
}
