===== ANALYST ling3 2026-09-03 16:49:23 UTC =====
[91m[1mError: [0m{
  "name": "UnknownError",
  "data": {
    "message": "Unexpected server error. Check server logs for details.",
    "ref": "err_f11e49ea"
  }
}
===== ANALYST ling3 2026-09-03 19:45:37 UTC =====
[91m[1mError: [0m{
  "name": "UnknownError",
  "data": {
    "message": "Unexpected server error. Check server logs for details.",
    "ref": "err_e98cea51"
  }
}
===== ANALYST ling3 2026-09-03 21:58:47 UTC =====
[91m[1mError: [0m{
  "name": "UnknownError",
  "data": {
    "message": "Unexpected server error. Check server logs for details.",
    "ref": "err_b4a3caa3"
  }
}
===== ANALYST ling3 2026-09-03 23:45:55 UTC =====
[91m[1mError: [0m{
  "name": "UnknownError",
  "data": {
    "message": "Unexpected server error. Check server logs for details.",
    "ref": "err_b3fcada1"
  }
}
===== ANALYST ling3 2026-09-04 02:34:48 UTC =====
[91m[1mError: [0m{
  "name": "UnknownError",
  "data": {
    "message": "Unexpected server error. Check server logs for details.",
    "ref": "err_1ce622e1"
  }
}
===== ANALYST ling3 2026-09-04 07:26:02 UTC =====
[91m[1mError: [0m{
  "name": "UnknownError",
  "data": {
    "message": "Unexpected server error. Check server logs for details.",
    "ref": "err_ee89531c"
  }
}
===== ANALYST ling3 2026-09-04 12:29:49 UTC =====
[91m[1mError: [0m{
  "name": "UnknownError",
  "data": {
    "message": "Unexpected server error. Check server logs for details.",
    "ref": "err_c3e13818"
  }
}
===== ANALYST ling3 2026-09-04 16:34:56 UTC =====
[91m[1mError: [0m{
  "name": "UnknownError",
  "data": {
    "message": "Unexpected server error. Check server logs for details.",
    "ref": "err_4494cb17"
  }
}
===== ANALYST ling3 2026-09-04 19:13:07 UTC =====
[91m[1mError: [0m{
  "name": "UnknownError",
  "data": {
    "message": "Unexpected server error. Check server logs for details.",
    "ref": "err_4af1fd08"
  }
}
===== ANALYST ling3 2026-09-04 21:34:53 UTC =====
[91m[1mError: [0m{
  "name": "UnknownError",
  "data": {
    "message": "Unexpected server error. Check server logs for details.",
    "ref": "err_dd9ecbc7"
  }
}
===== ANALYST ling3 2026-09-04 23:18:21 UTC =====
[91m[1mError: [0m{
  "name": "UnknownError",
  "data": {
    "message": "Unexpected server error. Check server logs for details.",
    "ref": "err_49df7864"
  }
}
===== ANALYST ling3 2026-09-05 01:07:06 UTC =====
[91m[1mError: [0m{
  "name": "UnknownError",
  "data": {
    "message": "Unexpected server error. Check server logs for details.",
    "ref": "err_7c85243e"
  }
}
===== ANALYST ling3 2026-09-05 05:55:47 UTC =====
[91m[1mError: [0m{
  "name": "UnknownError",
  "data": {
    "message": "Unexpected server error. Check server logs for details.",
    "ref": "err_27e07e68"
  }
}
===== ANALYST ling3 2026-09-05 09:51:21 UTC =====
[91m[1mError: [0m{
  "name": "UnknownError",
  "data": {
    "message": "Unexpected server error. Check server logs for details.",
    "ref": "err_4eb61a78"
  }
}
===== ANALYST ling3 2026-09-05 13:13:48 UTC =====
[91m[1mError: [0m{
  "name": "UnknownError",
  "data": {
    "message": "Unexpected server error. Check server logs for details.",
    "ref": "err_568fcd4c"
  }
}
===== ANALYST ling3 2026-09-05 16:10:13 UTC =====
[91m[1mError: [0m{
  "name": "UnknownError",
  "data": {
    "message": "Unexpected server error. Check server logs for details.",
    "ref": "err_a71c37cc"
  }
}
===== ANALYST ling3 2026-09-05 18:33:14 UTC =====
[91m[1mError: [0m{
  "name": "UnknownError",
  "data": {
    "message": "Unexpected server error. Check server logs for details.",
    "ref": "err_000665e7"
  }
}
===== ANALYST ling3 2026-09-05 20:47:39 UTC =====
[91m[1mError: [0m{
  "name": "UnknownError",
  "data": {
    "message": "Unexpected server error. Check server logs for details.",
    "ref": "err_e0033705"
  }
}
===== ANALYST ling3 2026-09-05 22:40:34 UTC =====
[91m[1mError: [0m{
  "name": "UnknownError",
  "data": {
    "message": "Unexpected server error. Check server logs for details.",
    "ref": "err_a18fb96c"
  }
}
===== ANALYST ling3 2026-09-06 00:15:09 UTC =====
[91m[1mError: [0m{
  "name": "UnknownError",
  "data": {
    "message": "Unexpected server error. Check server logs for details.",
    "ref": "err_31f070ad"
  }
}
===== ANALYST ling3 2026-09-06 04:48:17 UTC =====
[91m[1mError: [0m{
  "name": "UnknownError",
  "data": {
    "message": "Unexpected server error. Check server logs for details.",
    "ref": "err_541cb662"
  }
}
===== ANALYST ling3 2026-09-06 09:16:14 UTC =====
[91m[1mError: [0m{
  "name": "UnknownError",
  "data": {
    "message": "Unexpected server error. Check server logs for details.",
    "ref": "err_7a77ce3f"
  }
}
===== ANALYST ling3 2026-09-06 12:57:35 UTC =====
[91m[1mError: [0m{
  "name": "UnknownError",
  "data": {
    "message": "Unexpected server error. Check server logs for details.",
    "ref": "err_7a925c3b"
  }
}
===== ANALYST ling3 2026-09-06 16:06:00 UTC =====
[91m[1mError: [0m{
  "name": "UnknownError",
  "data": {
    "message": "Unexpected server error. Check server logs for details.",
    "ref": "err_9f8e5429"
  }
}
===== ANALYST ling3 2026-09-06 18:05:28 UTC =====
[91m[1mError: [0m{
  "name": "UnknownError",
  "data": {
    "message": "Unexpected server error. Check server logs for details.",
    "ref": "err_66ae7137"
  }
}
===== ANALYST ling3 2026-09-06 20:12:49 UTC =====
[91m[1mError: [0m{
  "name": "UnknownError",
  "data": {
    "message": "Unexpected server error. Check server logs for details.",
    "ref": "err_7481a104"
  }
}
===== ANALYST ling3 2026-09-06 22:10:24 UTC =====
[91m[1mError: [0m{
  "name": "UnknownError",
  "data": {
    "message": "Unexpected server error. Check server logs for details.",
    "ref": "err_f6c30658"
  }
}
===== ANALYST ling3 2026-09-06 23:59:05 UTC =====
[91m[1mError: [0m{
  "name": "UnknownError",
  "data": {
    "message": "Unexpected server error. Check server logs for details.",
    "ref": "err_eecaa4fa"
  }
}
===== ANALYST ling3 2026-09-07 03:19:31 UTC =====
[91m[1mError: [0m{
  "name": "UnknownError",
  "data": {
    "message": "Unexpected server error. Check server logs for details.",
    "ref": "err_04714a78"
  }
}
===== ANALYST ling3 2026-09-07 08:30:20 UTC =====
[91m[1mError: [0m{
  "name": "UnknownError",
  "data": {
    "message": "Unexpected server error. Check server logs for details.",
    "ref": "err_422e1b7f"
  }
}
===== ANALYST ling3 2026-09-07 14:28:32 UTC =====
[91m[1mError: [0m{
  "name": "UnknownError",
  "data": {
    "message": "Unexpected server error. Check server logs for details.",
    "ref": "err_7e1ef842"
  }
}
===== ANALYST ling3 2026-09-07 18:54:03 UTC =====
[91m[1mError: [0m{
  "name": "UnknownError",
  "data": {
    "message": "Unexpected server error. Check server logs for details.",
    "ref": "err_e0237349"
  }
}
===== ANALYST ling3 2026-09-07 21:53:36 UTC =====
[91m[1mError: [0m{
  "name": "UnknownError",
  "data": {
    "message": "Unexpected server error. Check server logs for details.",
    "ref": "err_d3cbdca2"
  }
}
===== ANALYST ling3 2026-09-07 23:54:26 UTC =====
[91m[1mError: [0m{
  "name": "UnknownError",
  "data": {
    "message": "Unexpected server error. Check server logs for details.",
    "ref": "err_81659e46"
  }
}
===== ANALYST ling3 2026-09-08 02:34:12 UTC =====
[91m[1mError: [0m{
  "name": "UnknownError",
  "data": {
    "message": "Unexpected server error. Check server logs for details.",
    "ref": "err_ce5efc57"
  }
}
===== ANALYST ling3 2026-09-08 07:34:36 UTC =====
[91m[1mError: [0m{
  "name": "UnknownError",
  "data": {
    "message": "Unexpected server error. Check server logs for details.",
    "ref": "err_301c2264"
  }
}
===== ANALYST ling3 2026-09-08 12:18:42 UTC =====
[91m[1mError: [0m{
  "name": "UnknownError",
  "data": {
    "message": "Unexpected server error. Check server logs for details.",
    "ref": "err_7f0cfde6"
  }
}
===== ANALYST ling3 2026-09-08 16:46:18 UTC =====
[91m[1mError: [0m{
  "name": "UnknownError",
  "data": {
    "message": "Unexpected server error. Check server logs for details.",
    "ref": "err_f7bd0131"
  }
}
===== ANALYST ling3 2026-09-08 19:43:23 UTC =====
[91m[1mError: [0m{
  "name": "UnknownError",
  "data": {
    "message": "Unexpected server error. Check server logs for details.",
    "ref": "err_5a4d434d"
  }
}
===== ANALYST ling3 2026-09-08 22:18:05 UTC =====
[91m[1mError: [0m{
  "name": "UnknownError",
  "data": {
    "message": "Unexpected server error. Check server logs for details.",
    "ref": "err_a667098c"
  }
}
===== ANALYST ling3 2026-09-09 00:21:33 UTC =====
[91m[1mError: [0m{
  "name": "UnknownError",
  "data": {
    "message": "Unexpected server error. Check server logs for details.",
    "ref": "err_985cb965"
  }
}
===== ANALYST ling3 2026-09-09 04:56:38 UTC =====
[91m[1mError: [0m{
  "name": "UnknownError",
  "data": {
    "message": "Unexpected server error. Check server logs for details.",
    "ref": "err_6260a8ef"
  }
}
===== ANALYST ling3 2026-09-09 09:22:44 UTC =====
[91m[1mError: [0m{
  "name": "UnknownError",
  "data": {
    "message": "Unexpected server error. Check server logs for details.",
    "ref": "err_87807e29"
  }
}
===== ANALYST ling3 2026-09-09 13:55:04 UTC =====
[91m[1mError: [0m{
  "name": "UnknownError",
  "data": {
    "message": "Unexpected server error. Check server logs for details.",
    "ref": "err_a360fbfa"
  }
}
===== ANALYST ling3 2026-09-09 17:31:12 UTC =====
[91m[1mError: [0m{
  "name": "UnknownError",
  "data": {
    "message": "Unexpected server error. Check server logs for details.",
    "ref": "err_12e43602"
  }
}
===== ANALYST ling3 2026-09-09 20:01:27 UTC =====
[91m[1mError: [0m{
  "name": "UnknownError",
  "data": {
    "message": "Unexpected server error. Check server logs for details.",
    "ref": "err_eb31971f"
  }
}
===== ANALYST ling3 2026-09-09 22:25:39 UTC =====
[91m[1mError: [0m{
  "name": "UnknownError",
  "data": {
    "message": "Unexpected server error. Check server logs for details.",
    "ref": "err_69000b1b"
  }
}
===== ANALYST ling3 2026-09-10 00:37:11 UTC =====
[91m[1mError: [0m{
  "name": "UnknownError",
  "data": {
    "message": "Unexpected server error. Check server logs for details.",
    "ref": "err_9f52ac93"
  }
}
===== ANALYST ling3 2026-09-10 05:16:47 UTC =====
[91m[1mError: [0m{
  "name": "UnknownError",
  "data": {
    "message": "Unexpected server error. Check server logs for details.",
    "ref": "err_29e51206"
  }
}
===== ANALYST ling3 2026-09-10 09:52:18 UTC =====
[91m[1mError: [0m{
  "name": "UnknownError",
  "data": {
    "message": "Unexpected server error. Check server logs for details.",
    "ref": "err_7d50063c"
  }
}
===== ANALYST ling3 2026-09-10 14:01:48 UTC =====
[91m[1mError: [0m{
  "name": "UnknownError",
  "data": {
    "message": "Unexpected server error. Check server logs for details.",
    "ref": "err_68107d66"
  }
}
===== ANALYST ling3 2026-09-10 17:49:21 UTC =====
[91m[1mError: [0m{
  "name": "UnknownError",
  "data": {
    "message": "Unexpected server error. Check server logs for details.",
    "ref": "err_09f090fe"
  }
}
===== ANALYST ling3 2026-09-10 20:02:33 UTC =====
[91m[1mError: [0m{
  "name": "UnknownError",
  "data": {
    "message": "Unexpected server error. Check server logs for details.",
    "ref": "err_837ebb87"
  }
}
===== ANALYST ling3 2026-09-10 22:39:09 UTC =====
[91m[1mError: [0m{
  "name": "UnknownError",
  "data": {
    "message": "Unexpected server error. Check server logs for details.",
    "ref": "err_d9d95892"
  }
}
===== ANALYST ling3 2026-09-11 00:32:44 UTC =====
[91m[1mError: [0m{
  "name": "UnknownError",
  "data": {
    "message": "Unexpected server error. Check server logs for details.",
    "ref": "err_279db900"
  }
}
===== ANALYST ling3 2026-09-11 05:11:59 UTC =====
[91m[1mError: [0m{
  "name": "UnknownError",
  "data": {
    "message": "Unexpected server error. Check server logs for details.",
    "ref": "err_8e5512a5"
  }
}
===== ANALYST ling3 2026-09-11 09:48:54 UTC =====
[91m[1mError: [0m{
  "name": "UnknownError",
  "data": {
    "message": "Unexpected server error. Check server logs for details.",
    "ref": "err_ab5bac22"
  }
}
===== ANALYST ling3 2026-09-11 14:01:54 UTC =====
[91m[1mError: [0m{
  "name": "UnknownError",
  "data": {
    "message": "Unexpected server error. Check server logs for details.",
    "ref": "err_5d611616"
  }
}
===== ANALYST ling3 2026-09-11 17:43:31 UTC =====
[91m[1mError: [0m{
  "name": "UnknownError",
  "data": {
    "message": "Unexpected server error. Check server logs for details.",
    "ref": "err_b37021f6"
  }
}
===== ANALYST ling3 2026-09-11 20:08:59 UTC =====
[91m[1mError: [0m{
  "name": "UnknownError",
  "data": {
    "message": "Unexpected server error. Check server logs for details.",
    "ref": "err_beb605fc"
  }
}
