===== ANALYST laguna 2026-09-03 16:49:23 UTC =====
[91m[1mError: [0m{
  "name": "UnknownError",
  "data": {
    "message": "Unexpected server error. Check server logs for details.",
    "ref": "err_8862e652"
  }
}
===== ANALYST laguna 2026-09-03 19:45:37 UTC =====
[91m[1mError: [0m{
  "name": "UnknownError",
  "data": {
    "message": "Unexpected server error. Check server logs for details.",
    "ref": "err_370b7e8b"
  }
}
===== ANALYST laguna 2026-09-03 21:58:47 UTC =====
[91m[1mError: [0m{
  "name": "UnknownError",
  "data": {
    "message": "Unexpected server error. Check server logs for details.",
    "ref": "err_ce0565be"
  }
}
===== ANALYST laguna 2026-09-03 23:45:55 UTC =====
[91m[1mError: [0m{
  "name": "UnknownError",
  "data": {
    "message": "Unexpected server error. Check server logs for details.",
    "ref": "err_75f5333d"
  }
}
===== ANALYST laguna 2026-09-04 02:34:48 UTC =====
[91m[1mError: [0m{
  "name": "UnknownError",
  "data": {
    "message": "Unexpected server error. Check server logs for details.",
    "ref": "err_a12133d7"
  }
}
===== ANALYST laguna 2026-09-04 07:26:02 UTC =====
[91m[1mError: [0m{
  "name": "UnknownError",
  "data": {
    "message": "Unexpected server error. Check server logs for details.",
    "ref": "err_257d0ad4"
  }
}
===== ANALYST laguna 2026-09-04 12:29:49 UTC =====
[91m[1mError: [0m{
  "name": "UnknownError",
  "data": {
    "message": "Unexpected server error. Check server logs for details.",
    "ref": "err_94fbf3a5"
  }
}
===== ANALYST laguna 2026-09-04 16:34:56 UTC =====
[91m[1mError: [0m{
  "name": "UnknownError",
  "data": {
    "message": "Unexpected server error. Check server logs for details.",
    "ref": "err_2950d4fe"
  }
}
===== ANALYST laguna 2026-09-04 19:13:07 UTC =====
[91m[1mError: [0m{
  "name": "UnknownError",
  "data": {
    "message": "Unexpected server error. Check server logs for details.",
    "ref": "err_771db19c"
  }
}
===== ANALYST laguna 2026-09-04 21:34:53 UTC =====
[91m[1mError: [0m{
  "name": "UnknownError",
  "data": {
    "message": "Unexpected server error. Check server logs for details.",
    "ref": "err_6d4b8be4"
  }
}
===== ANALYST laguna 2026-09-04 23:18:21 UTC =====
[91m[1mError: [0m{
  "name": "UnknownError",
  "data": {
    "message": "Unexpected server error. Check server logs for details.",
    "ref": "err_a587c6df"
  }
}
===== ANALYST laguna 2026-09-05 01:07:06 UTC =====
[91m[1mError: [0m{
  "name": "UnknownError",
  "data": {
    "message": "Unexpected server error. Check server logs for details.",
    "ref": "err_a70b682e"
  }
}
===== ANALYST laguna 2026-09-05 05:55:47 UTC =====
[91m[1mError: [0m{
  "name": "UnknownError",
  "data": {
    "message": "Unexpected server error. Check server logs for details.",
    "ref": "err_0fa641d8"
  }
}
===== ANALYST laguna 2026-09-05 09:51:21 UTC =====
[91m[1mError: [0m{
  "name": "UnknownError",
  "data": {
    "message": "Unexpected server error. Check server logs for details.",
    "ref": "err_8079548f"
  }
}
===== ANALYST laguna 2026-09-05 13:13:48 UTC =====
[91m[1mError: [0m{
  "name": "UnknownError",
  "data": {
    "message": "Unexpected server error. Check server logs for details.",
    "ref": "err_e03533d2"
  }
}
===== ANALYST laguna 2026-09-05 16:10:13 UTC =====
[91m[1mError: [0m{
  "name": "UnknownError",
  "data": {
    "message": "Unexpected server error. Check server logs for details.",
    "ref": "err_f8f18832"
  }
}
===== ANALYST laguna 2026-09-05 18:33:14 UTC =====
[91m[1mError: [0m{
  "name": "UnknownError",
  "data": {
    "message": "Unexpected server error. Check server logs for details.",
    "ref": "err_ac9e5a17"
  }
}
===== ANALYST laguna 2026-09-05 20:47:39 UTC =====
[91m[1mError: [0m{
  "name": "UnknownError",
  "data": {
    "message": "Unexpected server error. Check server logs for details.",
    "ref": "err_85f817d1"
  }
}
===== ANALYST laguna 2026-09-05 22:40:34 UTC =====
[91m[1mError: [0m{
  "name": "UnknownError",
  "data": {
    "message": "Unexpected server error. Check server logs for details.",
    "ref": "err_c0617421"
  }
}
===== ANALYST laguna 2026-09-06 00:15:09 UTC =====
[91m[1mError: [0m{
  "name": "UnknownError",
  "data": {
    "message": "Unexpected server error. Check server logs for details.",
    "ref": "err_e7979f3c"
  }
}
===== ANALYST laguna 2026-09-06 04:48:17 UTC =====
[91m[1mError: [0m{
  "name": "UnknownError",
  "data": {
    "message": "Unexpected server error. Check server logs for details.",
    "ref": "err_a6a4788f"
  }
}
===== ANALYST laguna 2026-09-06 09:16:14 UTC =====
[91m[1mError: [0m{
  "name": "UnknownError",
  "data": {
    "message": "Unexpected server error. Check server logs for details.",
    "ref": "err_a330f210"
  }
}
===== ANALYST laguna 2026-09-06 12:57:35 UTC =====
[91m[1mError: [0m{
  "name": "UnknownError",
  "data": {
    "message": "Unexpected server error. Check server logs for details.",
    "ref": "err_cb1d0237"
  }
}
===== ANALYST laguna 2026-09-06 16:06:00 UTC =====
[91m[1mError: [0m{
  "name": "UnknownError",
  "data": {
    "message": "Unexpected server error. Check server logs for details.",
    "ref": "err_1f4009bd"
  }
}
===== ANALYST laguna 2026-09-06 18:05:28 UTC =====
[91m[1mError: [0m{
  "name": "UnknownError",
  "data": {
    "message": "Unexpected server error. Check server logs for details.",
    "ref": "err_a1dc75a8"
  }
}
===== ANALYST laguna 2026-09-06 20:12:49 UTC =====
[91m[1mError: [0m{
  "name": "UnknownError",
  "data": {
    "message": "Unexpected server error. Check server logs for details.",
    "ref": "err_c92b0041"
  }
}
===== ANALYST laguna 2026-09-06 22:10:24 UTC =====
[91m[1mError: [0m{
  "name": "UnknownError",
  "data": {
    "message": "Unexpected server error. Check server logs for details.",
    "ref": "err_53412326"
  }
}
===== ANALYST laguna 2026-09-06 23:59:05 UTC =====
[91m[1mError: [0m{
  "name": "UnknownError",
  "data": {
    "message": "Unexpected server error. Check server logs for details.",
    "ref": "err_3ecee130"
  }
}
===== ANALYST laguna 2026-09-07 03:19:31 UTC =====
[91m[1mError: [0m{
  "name": "UnknownError",
  "data": {
    "message": "Unexpected server error. Check server logs for details.",
    "ref": "err_5b5bdaf8"
  }
}
===== ANALYST laguna 2026-09-07 08:30:20 UTC =====
[91m[1mError: [0m{
  "name": "UnknownError",
  "data": {
    "message": "Unexpected server error. Check server logs for details.",
    "ref": "err_611ffca9"
  }
}
===== ANALYST laguna 2026-09-07 14:28:32 UTC =====
[91m[1mError: [0m{
  "name": "UnknownError",
  "data": {
    "message": "Unexpected server error. Check server logs for details.",
    "ref": "err_6a5dda99"
  }
}
===== ANALYST laguna 2026-09-07 18:54:03 UTC =====
[91m[1mError: [0m{
  "name": "UnknownError",
  "data": {
    "message": "Unexpected server error. Check server logs for details.",
    "ref": "err_b3a0705e"
  }
}
===== ANALYST laguna 2026-09-07 21:53:36 UTC =====
[91m[1mError: [0m{
  "name": "UnknownError",
  "data": {
    "message": "Unexpected server error. Check server logs for details.",
    "ref": "err_59235398"
  }
}
===== ANALYST laguna 2026-09-07 23:54:26 UTC =====
[91m[1mError: [0m{
  "name": "UnknownError",
  "data": {
    "message": "Unexpected server error. Check server logs for details.",
    "ref": "err_527cb443"
  }
}
===== ANALYST laguna 2026-09-08 02:34:12 UTC =====
[91m[1mError: [0m{
  "name": "UnknownError",
  "data": {
    "message": "Unexpected server error. Check server logs for details.",
    "ref": "err_7d95fa5b"
  }
}
===== ANALYST laguna 2026-09-08 07:34:36 UTC =====
[91m[1mError: [0m{
  "name": "UnknownError",
  "data": {
    "message": "Unexpected server error. Check server logs for details.",
    "ref": "err_f7ad76f1"
  }
}
===== ANALYST laguna 2026-09-08 12:18:42 UTC =====
[91m[1mError: [0m{
  "name": "UnknownError",
  "data": {
    "message": "Unexpected server error. Check server logs for details.",
    "ref": "err_d2f014d1"
  }
}
===== ANALYST laguna 2026-09-08 16:46:18 UTC =====
[91m[1mError: [0m{
  "name": "UnknownError",
  "data": {
    "message": "Unexpected server error. Check server logs for details.",
    "ref": "err_1027c11d"
  }
}
===== ANALYST laguna 2026-09-08 19:43:23 UTC =====
[91m[1mError: [0m{
  "name": "UnknownError",
  "data": {
    "message": "Unexpected server error. Check server logs for details.",
    "ref": "err_79265b1f"
  }
}
===== ANALYST laguna 2026-09-08 22:18:05 UTC =====
[91m[1mError: [0m{
  "name": "UnknownError",
  "data": {
    "message": "Unexpected server error. Check server logs for details.",
    "ref": "err_3284a7f2"
  }
}
===== ANALYST laguna 2026-09-09 00:21:33 UTC =====
[91m[1mError: [0m{
  "name": "UnknownError",
  "data": {
    "message": "Unexpected server error. Check server logs for details.",
    "ref": "err_5564c1e5"
  }
}
===== ANALYST laguna 2026-09-09 04:56:38 UTC =====
[91m[1mError: [0m{
  "name": "UnknownError",
  "data": {
    "message": "Unexpected server error. Check server logs for details.",
    "ref": "err_8416b0ac"
  }
}
===== ANALYST laguna 2026-09-09 09:22:44 UTC =====
[91m[1mError: [0m{
  "name": "UnknownError",
  "data": {
    "message": "Unexpected server error. Check server logs for details.",
    "ref": "err_c4d3a50f"
  }
}
===== ANALYST laguna 2026-09-09 13:55:04 UTC =====
[91m[1mError: [0m{
  "name": "UnknownError",
  "data": {
    "message": "Unexpected server error. Check server logs for details.",
    "ref": "err_137afe1f"
  }
}
===== ANALYST laguna 2026-09-09 17:31:12 UTC =====
[91m[1mError: [0m{
  "name": "UnknownError",
  "data": {
    "message": "Unexpected server error. Check server logs for details.",
    "ref": "err_9750436b"
  }
}
===== ANALYST laguna 2026-09-09 20:01:27 UTC =====
[91m[1mError: [0m{
  "name": "UnknownError",
  "data": {
    "message": "Unexpected server error. Check server logs for details.",
    "ref": "err_67143692"
  }
}
===== ANALYST laguna 2026-09-09 22:25:39 UTC =====
[91m[1mError: [0m{
  "name": "UnknownError",
  "data": {
    "message": "Unexpected server error. Check server logs for details.",
    "ref": "err_dd63cabf"
  }
}
===== ANALYST laguna 2026-09-10 00:37:11 UTC =====
[91m[1mError: [0m{
  "name": "UnknownError",
  "data": {
    "message": "Unexpected server error. Check server logs for details.",
    "ref": "err_16e11dd3"
  }
}
===== ANALYST laguna 2026-09-10 05:16:47 UTC =====
[91m[1mError: [0m{
  "name": "UnknownError",
  "data": {
    "message": "Unexpected server error. Check server logs for details.",
    "ref": "err_45c5ae71"
  }
}
===== ANALYST laguna 2026-09-10 09:52:18 UTC =====
[91m[1mError: [0m{
  "name": "UnknownError",
  "data": {
    "message": "Unexpected server error. Check server logs for details.",
    "ref": "err_7e3d9676"
  }
}
===== ANALYST laguna 2026-09-10 14:01:48 UTC =====
[91m[1mError: [0m{
  "name": "UnknownError",
  "data": {
    "message": "Unexpected server error. Check server logs for details.",
    "ref": "err_c8aada29"
  }
}
===== ANALYST laguna 2026-09-10 17:49:21 UTC =====
[91m[1mError: [0m{
  "name": "UnknownError",
  "data": {
    "message": "Unexpected server error. Check server logs for details.",
    "ref": "err_cf93954b"
  }
}
===== ANALYST laguna 2026-09-10 20:02:33 UTC =====
[91m[1mError: [0m{
  "name": "UnknownError",
  "data": {
    "message": "Unexpected server error. Check server logs for details.",
    "ref": "err_e995871a"
  }
}
===== ANALYST laguna 2026-09-10 22:39:09 UTC =====
[91m[1mError: [0m{
  "name": "UnknownError",
  "data": {
    "message": "Unexpected server error. Check server logs for details.",
    "ref": "err_8beeade1"
  }
}
===== ANALYST laguna 2026-09-11 00:32:44 UTC =====
[91m[1mError: [0m{
  "name": "UnknownError",
  "data": {
    "message": "Unexpected server error. Check server logs for details.",
    "ref": "err_0178b1c4"
  }
}
===== ANALYST laguna 2026-09-11 05:11:59 UTC =====
[91m[1mError: [0m{
  "name": "UnknownError",
  "data": {
    "message": "Unexpected server error. Check server logs for details.",
    "ref": "err_a19a3830"
  }
}
===== ANALYST laguna 2026-09-11 09:48:54 UTC =====
[91m[1mError: [0m{
  "name": "UnknownError",
  "data": {
    "message": "Unexpected server error. Check server logs for details.",
    "ref": "err_e3483a2d"
  }
}
===== ANALYST laguna 2026-09-11 14:01:54 UTC =====
[91m[1mError: [0m{
  "name": "UnknownError",
  "data": {
    "message": "Unexpected server error. Check server logs for details.",
    "ref": "err_3cc53227"
  }
}
===== ANALYST laguna 2026-09-11 17:43:31 UTC =====
[91m[1mError: [0m{
  "name": "UnknownError",
  "data": {
    "message": "Unexpected server error. Check server logs for details.",
    "ref": "err_93c8a3c4"
  }
}
===== ANALYST laguna 2026-09-11 20:08:59 UTC =====
[91m[1mError: [0m{
  "name": "UnknownError",
  "data": {
    "message": "Unexpected server error. Check server logs for details.",
    "ref": "err_e7b80439"
  }
}
===== ANALYST laguna 2026-09-11 22:39:03 UTC =====
[91m[1mError: [0m{
  "name": "UnknownError",
  "data": {
    "message": "Unexpected server error. Check server logs for details.",
    "ref": "err_7a0425b7"
  }
}
===== ANALYST laguna 2026-09-12 00:38:46 UTC =====
[91m[1mError: [0m{
  "name": "UnknownError",
  "data": {
    "message": "Unexpected server error. Check server logs for details.",
    "ref": "err_4bfc6127"
  }
}
===== ANALYST laguna 2026-09-12 04:59:58 UTC =====
[91m[1mError: [0m{
  "name": "UnknownError",
  "data": {
    "message": "Unexpected server error. Check server logs for details.",
    "ref": "err_4323b139"
  }
}
===== ANALYST laguna 2026-09-12 09:08:19 UTC =====
[91m[1mError: [0m{
  "name": "UnknownError",
  "data": {
    "message": "Unexpected server error. Check server logs for details.",
    "ref": "err_74c174f7"
  }
}
===== ANALYST laguna 2026-09-12 12:54:57 UTC =====
[91m[1mError: [0m{
  "name": "UnknownError",
  "data": {
    "message": "Unexpected server error. Check server logs for details.",
    "ref": "err_9b5a9fa0"
  }
}
===== ANALYST laguna 2026-09-12 16:04:25 UTC =====
[91m[1mError: [0m{
  "name": "UnknownError",
  "data": {
    "message": "Unexpected server error. Check server logs for details.",
    "ref": "err_1085915a"
  }
}
===== ANALYST laguna 2026-09-12 18:08:43 UTC =====
[91m[1mError: [0m{
  "name": "UnknownError",
  "data": {
    "message": "Unexpected server error. Check server logs for details.",
    "ref": "err_dcf28b9a"
  }
}
===== ANALYST laguna 2026-09-12 20:41:49 UTC =====
[91m[1mError: [0m{
  "name": "UnknownError",
  "data": {
    "message": "Unexpected server error. Check server logs for details.",
    "ref": "err_8e1cd256"
  }
}
===== ANALYST laguna 2026-09-12 22:33:21 UTC =====
[91m[1mError: [0m{
  "name": "UnknownError",
  "data": {
    "message": "Unexpected server error. Check server logs for details.",
    "ref": "err_9f1452f3"
  }
}
